Script started on 2024-03-27 15:55:11+03:00 [TERM="xterm-256color" TTY="/dev/pts/0" COLUMNS="105" LINES="33"]
dem@calculate ~/vagrant/03_1_DZ $ vagrant ssh

[vagrant@testRAID ~]$ lsblk
NAME   MAJ:MIN RM  SIZE RO TYPE MOUNTPOINT
sda      8:0    0   40G  0 disk 
`-sda1   8:1    0   40G  0 part /
sdb      8:16   0  250M  0 disk 
sdc      8:32   0  250M  0 disk 
sdd      8:48   0  250M  0 disk 
sde      8:64   0  250M  0 disk 
sdf      8:80   0  250M  0 disk 

[vagrant@testRAID ~]$ sudo -i
[root@testRAID ~]# mdadm --zero-superblock /dev/sd{b,c,d,e,f}
mdadm: Unrecognised md component device - /dev/sdb
mdadm: Unrecognised md component device - /dev/sdc
mdadm: Unrecognised md component device - /dev/sdd
mdadm: Unrecognised md component device - /dev/sde
mdadm: Unrecognised md component device - /dev/sdf

[root@testRAID ~]# mdadm --create --verbose /dev/md0 -l 10 -n 4 /dev/sd{b,c,d,e}
mdadm: layout defaults to n2
mdadm: layout defaults to n2
mdadm: chunk size defaults to 512K
mdadm: size set to 253952K
mdadm: Defaulting to version 1.2 metadata
mdadm: array /dev/md0 started.

[root@testRAID ~]# cat /proc/mdstat
Personalities : [raid10] 
md0 : active raid10 sde[3] sdd[2] sdc[1] sdb[0]
      507904 blocks super 1.2 512K chunks 2 near-copies [4/4] [UUUU]
      
unused devices: <none>
[root@testRAID ~]# mdadm -D /dev/md0
/dev/md0:
           Version : 1.2
     Creation Time : Wed Mar 27 10:16:50 2024
        Raid Level : raid10
        Array Size : 507904 (496.00 MiB 520.09 MB)
     Used Dev Size : 253952 (248.00 MiB 260.05 MB)
      Raid Devices : 4
     Total Devices : 4
       Persistence : Superblock is persistent

       Update Time : Wed Mar 27 10:16:53 2024
             State : clean 
    Active Devices : 4
   Working Devices : 4
    Failed Devices : 0
     Spare Devices : 0

            Layout : near=2
        Chunk Size : 512K

Consistency Policy : resync

              Name : testRAID:0  (local to host testRAID)
              UUID : 6dd65546:1c861533:ea60baf9:d6b119c5
            Events : 17

    Number   Major   Minor   RaidDevice State
       0       8       16        0      active sync set-A   /dev/sdb
       1       8       32        1      active sync set-B   /dev/sdc
       2       8       48        2      active sync set-A   /dev/sdd
       3       8       64        3      active sync set-B   /dev/sde

[root@testRAID ~]# mdadm --detail --scan --verbose
ARRAY /dev/md0 level=raid10 num-devices=4 metadata=1.2 name=testRAID:0 UUID=6dd65546:1c861533:ea60baf9:d6b119c5
   devices=/dev/sdb,/dev/sdc,/dev/sdd,/dev/sde

[root@testRAID ~]# mkdir /etc/mdadm

[root@testRAID ~]# echo "DEVICE partitions">/etc/mdadm/mdadm.conf

[root@testRAID ~]# mdadm --detail --scan --verbose | awk '/ARRAY/{print}'>>/etc/mdadm/mdadm.conf

[root@testRAID ~]# mdadm /dev/md0 --fail /dev/sde
mdadm: set /dev/sde faulty in /dev/md0

[root@testRAID ~]# cat /proc/mdstat
Personalities : [raid10] 
md0 : active raid10 sde[3](F) sdd[2] sdc[1] sdb[0]
      507904 blocks super 1.2 512K chunks 2 near-copies [4/3] [UUU_]
      
unused devices: <none>
[root@testRAID ~]# mdadm -D /dev/md0
/dev/md0:
           Version : 1.2
     Creation Time : Wed Mar 27 10:16:50 2024
        Raid Level : raid10
        Array Size : 507904 (496.00 MiB 520.09 MB)
     Used Dev Size : 253952 (248.00 MiB 260.05 MB)
      Raid Devices : 4
     Total Devices : 4
       Persistence : Superblock is persistent

       Update Time : Wed Mar 27 10:27:03 2024
             State : clean, degraded 
    Active Devices : 3
   Working Devices : 3
    Failed Devices : 1
     Spare Devices : 0

            Layout : near=2
        Chunk Size : 512K

Consistency Policy : resync

              Name : testRAID:0  (local to host testRAID)
              UUID : 6dd65546:1c861533:ea60baf9:d6b119c5
            Events : 19

    Number   Major   Minor   RaidDevice State
       0       8       16        0      active sync set-A   /dev/sdb
       1       8       32        1      active sync set-B   /dev/sdc
       2       8       48        2      active sync set-A   /dev/sdd
       -       0        0        3      removed

       3       8       64        -      faulty   /dev/sde

[root@testRAID ~]# mdadm /dev/md0 --remove /dev/sde
mdadm: hot removed /dev/sde from /dev/md0

[root@testRAID ~]# mdadm /dev/md0 --add /dev/sdf
mdadm: added /dev/sdf

[root@testRAID ~]# cat /proc/mdstat
Personalities : [raid10] 
md0 : active raid10 sdf[4] sdd[2] sdc[1] sdb[0]
      507904 blocks super 1.2 512K chunks 2 near-copies [4/4] [UUUU]
      
unused devices: <none>

[root@testRAID ~]# mdadm -D /dev/md0
/dev/md0:
           Version : 1.2
     Creation Time : Wed Mar 27 10:16:50 2024
        Raid Level : raid10
        Array Size : 507904 (496.00 MiB 520.09 MB)
     Used Dev Size : 253952 (248.00 MiB 260.05 MB)
      Raid Devices : 4
     Total Devices : 4
       Persistence : Superblock is persistent

       Update Time : Wed Mar 27 10:32:32 2024
             State : clean 
    Active Devices : 4
   Working Devices : 4
    Failed Devices : 0
     Spare Devices : 0

            Layout : near=2
        Chunk Size : 512K

Consistency Policy : resync

              Name : testRAID:0  (local to host testRAID)
              UUID : 6dd65546:1c861533:ea60baf9:d6b119c5
            Events : 61

    Number   Major   Minor   RaidDevice State
       0       8       16        0      active sync set-A   /dev/sdb
       1       8       32        1      active sync set-B   /dev/sdc
       2       8       48        2      active sync set-A   /dev/sdd
       4       8       80        3      active sync set-B   /dev/sdf

[root@testRAID ~]# lsblk
NAME   MAJ:MIN RM  SIZE RO TYPE   MOUNTPOINT
sda      8:0    0   40G  0 disk   
`-sda1   8:1    0   40G  0 part   /
sdb      8:16   0  250M  0 disk   
`-md0    9:0    0  496M  0 raid10 
sdc      8:32   0  250M  0 disk   
`-md0    9:0    0  496M  0 raid10 
sdd      8:48   0  250M  0 disk   
`-md0    9:0    0  496M  0 raid10 
sde      8:64   0  250M  0 disk   
sdf      8:80   0  250M  0 disk   
`-md0    9:0    0  496M  0 raid10 

[root@testRAID ~]# parted -s /dev/md0 mklabel gpt

[root@testRAID ~]# parted /dev/md0 print
Model: Linux Software RAID Array (md)
Disk /dev/md0: 520MB
Sector size (logical/physical): 512B/512B
Partition Table: gpt
Disk Flags: 

Number  Start  End  Size  File system  Name  Flags

[root@testRAID ~]# parted /dev/md0 mkpart primary ext4 0% 20%
Information: You may need to update /etc/fstab.

[root@testRAID ~]# parted /dev/md0 mkpart primary ext4 20% 40%
Information: You may need to update /etc/fstab.

[root@testRAID ~]# parted /dev/md0 mkpart primary ext4 40% 60%
Information: You may need to update /etc/fstab.

[root@testRAID ~]# parted /dev/md0 mkpart primary ext4 60% 80%
Information: You may need to update /etc/fstab.

[root@testRAID ~]# parted /dev/md0 mkpart primary ext4 80% 100%
Information: You may need to update /etc/fstab.

[root@testRAID ~]# parted /dev/md0 print
Model: Linux Software RAID Array (md)
Disk /dev/md0: 520MB
Sector size (logical/physical): 512B/512B
Partition Table: gpt
Disk Flags: 

Number  Start   End    Size   File system  Name     Flags
 1      1049kB  104MB  103MB               primary
 2      104MB   208MB  104MB               primary
 3      208MB   312MB  105MB               primary
 4      312MB   416MB  104MB               primary
 5      416MB   519MB  103MB               primary

[root@testRAID ~]# for i in $(seq 1 5); do mkfs.ext4 /dev/md0p$i; done
mke2fs 1.42.9 (28-Dec-2013)
Filesystem label=
OS type: Linux
Block size=1024 (log=0)
Fragment size=1024 (log=0)
Stride=512 blocks, Stripe width=1024 blocks
25168 inodes, 100352 blocks
5017 blocks (5.00%) reserved for the super user
First data block=1
Maximum filesystem blocks=33685504
13 block groups
8192 blocks per group, 8192 fragments per group
1936 inodes per group
Superblock backups stored on blocks: 
	8193, 24577, 40961, 57345, 73729

Allocating group tables:  0/13     done                            
Writing inode tables:  0/13     done                            
Creating journal (4096 blocks): done
Writing superblocks and filesystem accounting information:  0/13     done

mke2fs 1.42.9 (28-Dec-2013)
Filesystem label=
OS type: Linux
Block size=1024 (log=0)
Fragment size=1024 (log=0)
Stride=512 blocks, Stripe width=1024 blocks
25376 inodes, 101376 blocks
5068 blocks (5.00%) reserved for the super user
First data block=1
Maximum filesystem blocks=33685504
13 block groups
8192 blocks per group, 8192 fragments per group
1952 inodes per group
Superblock backups stored on blocks: 
	8193, 24577, 40961, 57345, 73729

Allocating group tables:  0/13     done                            
Writing inode tables:  0/13     done                            
Creating journal (4096 blocks): done
Writing superblocks and filesystem accounting information:  0/13     done

mke2fs 1.42.9 (28-Dec-2013)
Filesystem label=
OS type: Linux
Block size=1024 (log=0)
Fragment size=1024 (log=0)
Stride=512 blocks, Stripe width=1024 blocks
25688 inodes, 102400 blocks
5120 blocks (5.00%) reserved for the super user
First data block=1
Maximum filesystem blocks=33685504
13 block groups
8192 blocks per group, 8192 fragments per group
1976 inodes per group
Superblock backups stored on blocks: 
	8193, 24577, 40961, 57345, 73729

Allocating group tables:  0/13     done                            
Writing inode tables:  0/13     done                            
Creating journal (4096 blocks): done
Writing superblocks and filesystem accounting information:  0/13     done

mke2fs 1.42.9 (28-Dec-2013)
Filesystem label=
OS type: Linux
Block size=1024 (log=0)
Fragment size=1024 (log=0)
Stride=512 blocks, Stripe width=1024 blocks
25376 inodes, 101376 blocks
5068 blocks (5.00%) reserved for the super user
First data block=1
Maximum filesystem blocks=33685504
13 block groups
8192 blocks per group, 8192 fragments per group
1952 inodes per group
Superblock backups stored on blocks: 
	8193, 24577, 40961, 57345, 73729

Allocating group tables:  0/13     done                            
Writing inode tables:  0/13     done                            
Creating journal (4096 blocks): done
Writing superblocks and filesystem accounting information:  0/13     done

mke2fs 1.42.9 (28-Dec-2013)
Filesystem label=
OS type: Linux
Block size=1024 (log=0)
Fragment size=1024 (log=0)
Stride=512 blocks, Stripe width=1024 blocks
25168 inodes, 100352 blocks
5017 blocks (5.00%) reserved for the super user
First data block=1
Maximum filesystem blocks=33685504
13 block groups
8192 blocks per group, 8192 fragments per group
1936 inodes per group
Superblock backups stored on blocks: 
	8193, 24577, 40961, 57345, 73729

Allocating group tables:  0/13     done                            
Writing inode tables:  0/13     done                            
Creating journal (4096 blocks): done
Writing superblocks and filesystem accounting information:  0/13     done

[root@testRAID ~]# parted /dev/md0 print
Model: Linux Software RAID Array (md)
Disk /dev/md0: 520MB
Sector size (logical/physical): 512B/512B
Partition Table: gpt
Disk Flags: 

Number  Start   End    Size   File system  Name     Flags
 1      1049kB  104MB  103MB  ext4         primary
 2      104MB   208MB  104MB  ext4         primary
 3      208MB   312MB  105MB  ext4         primary
 4      312MB   416MB  104MB  ext4         primary
 5      416MB   519MB  103MB  ext4         primary

[root@testRAID ~]# mkdir /mnt/part{1..5}

[root@testRAID ~]# ll /mnt
total 0
drwxr-xr-x. 2 root root 6 Mar 27 10:44 part1
drwxr-xr-x. 2 root root 6 Mar 27 10:44 part2
drwxr-xr-x. 2 root root 6 Mar 27 10:44 part3
drwxr-xr-x. 2 root root 6 Mar 27 10:44 part4
drwxr-xr-x. 2 root root 6 Mar 27 10:44 part5

[root@testRAID ~]# for i in $(seq 1 5); do mount /dev/md0p$i /mnt/part$i; done

[root@testRAID ~]# df -h
Filesystem      Size  Used Avail Use% Mounted on
devtmpfs        489M     0  489M   0% /dev
tmpfs           496M     0  496M   0% /dev/shm
tmpfs           496M  6.8M  489M   2% /run
tmpfs           496M     0  496M   0% /sys/fs/cgroup
/dev/sda1        40G  4.5G   36G  12% /
tmpfs           100M     0  100M   0% /run/user/0
tmpfs           100M     0  100M   0% /run/user/1000
/dev/md0p1       91M  1.6M   83M   2% /mnt/part1
/dev/md0p2       92M  1.6M   84M   2% /mnt/part2
/dev/md0p3       93M  1.6M   85M   2% /mnt/part3
/dev/md0p4       92M  1.6M   84M   2% /mnt/part4
/dev/md0p5       91M  1.6M   83M   2% /mnt/part5

[root@testRAID ~]# exit
logout

[vagrant@testRAID ~]$ exit
logout

dem@calculate ~/vagrant/03_1_DZ $ exit

Script done on 2024-03-27 16:41:30+03:00 [COMMAND_EXIT_CODE="0"]
